Archive member included because of file (symbol)

/usr/bin/../lib/gcc/arm-none-eabi/4.9.3/../../../../arm-none-eabi/lib/armv7e-m/fpu/libg.a(lib_a-exit.o)
                              /usr/bin/../lib/gcc/arm-none-eabi/4.9.3/../../../../arm-none-eabi/lib/armv7e-m/fpu/crt0.o (exit)
/usr/bin/../lib/gcc/arm-none-eabi/4.9.3/../../../../arm-none-eabi/lib/armv7e-m/fpu/libg.a(lib_a-impure.o)
                              /usr/bin/../lib/gcc/arm-none-eabi/4.9.3/../../../../arm-none-eabi/lib/armv7e-m/fpu/libg.a(lib_a-exit.o) (_global_impure_ptr)
/usr/bin/../lib/gcc/arm-none-eabi/4.9.3/../../../../arm-none-eabi/lib/armv7e-m/fpu/libg.a(lib_a-init.o)
                              /usr/bin/../lib/gcc/arm-none-eabi/4.9.3/../../../../arm-none-eabi/lib/armv7e-m/fpu/crt0.o (__libc_init_array)
/usr/bin/../lib/gcc/arm-none-eabi/4.9.3/../../../../arm-none-eabi/lib/armv7e-m/fpu/libg.a(lib_a-memset.o)
                              /usr/bin/../lib/gcc/arm-none-eabi/4.9.3/../../../../arm-none-eabi/lib/armv7e-m/fpu/crt0.o (memset)
/usr/bin/../lib/gcc/arm-none-eabi/4.9.3/../../../../arm-none-eabi/lib/armv7e-m/fpu/libg.a(lib_a-puts.o)
                              obj/error.o (puts)
/usr/bin/../lib/gcc/arm-none-eabi/4.9.3/../../../../arm-none-eabi/lib/armv7e-m/fpu/libg.a(lib_a-reent.o)
                              obj/syscalls.o (errno)
/usr/bin/../lib/gcc/arm-none-eabi/4.9.3/../../../../arm-none-eabi/lib/armv7e-m/fpu/libg.a(lib_a-strlen.o)
                              obj/console.o (strlen)
/usr/bin/../lib/gcc/arm-none-eabi/4.9.3/../../../../arm-none-eabi/lib/armv7e-m/fpu/libg.a(lib_a-__call_atexit.o)
                              /usr/bin/../lib/gcc/arm-none-eabi/4.9.3/../../../../arm-none-eabi/lib/armv7e-m/fpu/libg.a(lib_a-exit.o) (__call_exitprocs)
/usr/bin/../lib/gcc/arm-none-eabi/4.9.3/../../../../arm-none-eabi/lib/armv7e-m/fpu/libg.a(lib_a-atexit.o)
                              /usr/bin/../lib/gcc/arm-none-eabi/4.9.3/../../../../arm-none-eabi/lib/armv7e-m/fpu/libg.a(lib_a-__call_atexit.o) (atexit)
/usr/bin/../lib/gcc/arm-none-eabi/4.9.3/../../../../arm-none-eabi/lib/armv7e-m/fpu/libg.a(lib_a-findfp.o)
                              /usr/bin/../lib/gcc/arm-none-eabi/4.9.3/../../../../arm-none-eabi/lib/armv7e-m/fpu/libg.a(lib_a-puts.o) (__sinit)
/usr/bin/../lib/gcc/arm-none-eabi/4.9.3/../../../../arm-none-eabi/lib/armv7e-m/fpu/libg.a(lib_a-fini.o)
                              /usr/bin/../lib/gcc/arm-none-eabi/4.9.3/../../../../arm-none-eabi/lib/armv7e-m/fpu/libg.a(lib_a-__call_atexit.o) (__libc_fini_array)
/usr/bin/../lib/gcc/arm-none-eabi/4.9.3/../../../../arm-none-eabi/lib/armv7e-m/fpu/libg.a(lib_a-freer.o)
                              /usr/bin/../lib/gcc/arm-none-eabi/4.9.3/../../../../arm-none-eabi/lib/armv7e-m/fpu/libg.a(lib_a-reent.o) (_free_r)
/usr/bin/../lib/gcc/arm-none-eabi/4.9.3/../../../../arm-none-eabi/lib/armv7e-m/fpu/libg.a(lib_a-fvwrite.o)
                              /usr/bin/../lib/gcc/arm-none-eabi/4.9.3/../../../../arm-none-eabi/lib/armv7e-m/fpu/libg.a(lib_a-puts.o) (__sfvwrite_r)
/usr/bin/../lib/gcc/arm-none-eabi/4.9.3/../../../../arm-none-eabi/lib/armv7e-m/fpu/libg.a(lib_a-fwalk.o)
                              /usr/bin/../lib/gcc/arm-none-eabi/4.9.3/../../../../arm-none-eabi/lib/armv7e-m/fpu/libg.a(lib_a-findfp.o) (_fwalk)
/usr/bin/../lib/gcc/arm-none-eabi/4.9.3/../../../../arm-none-eabi/lib/armv7e-m/fpu/libg.a(lib_a-mallocr.o)
                              /usr/bin/../lib/gcc/arm-none-eabi/4.9.3/../../../../arm-none-eabi/lib/armv7e-m/fpu/libg.a(lib_a-findfp.o) (_malloc_r)
/usr/bin/../lib/gcc/arm-none-eabi/4.9.3/../../../../arm-none-eabi/lib/armv7e-m/fpu/libg.a(lib_a-memchr.o)
                              /usr/bin/../lib/gcc/arm-none-eabi/4.9.3/../../../../arm-none-eabi/lib/armv7e-m/fpu/libg.a(lib_a-fvwrite.o) (memchr)
/usr/bin/../lib/gcc/arm-none-eabi/4.9.3/../../../../arm-none-eabi/lib/armv7e-m/fpu/libg.a(lib_a-memcpy.o)
                              /usr/bin/../lib/gcc/arm-none-eabi/4.9.3/../../../../arm-none-eabi/lib/armv7e-m/fpu/libg.a(lib_a-fvwrite.o) (memcpy)
/usr/bin/../lib/gcc/arm-none-eabi/4.9.3/../../../../arm-none-eabi/lib/armv7e-m/fpu/libg.a(lib_a-memmove.o)
                              /usr/bin/../lib/gcc/arm-none-eabi/4.9.3/../../../../arm-none-eabi/lib/armv7e-m/fpu/libg.a(lib_a-fvwrite.o) (memmove)
/usr/bin/../lib/gcc/arm-none-eabi/4.9.3/../../../../arm-none-eabi/lib/armv7e-m/fpu/libg.a(lib_a-mlock.o)
                              /usr/bin/../lib/gcc/arm-none-eabi/4.9.3/../../../../arm-none-eabi/lib/armv7e-m/fpu/libg.a(lib_a-freer.o) (__malloc_lock)
/usr/bin/../lib/gcc/arm-none-eabi/4.9.3/../../../../arm-none-eabi/lib/armv7e-m/fpu/libg.a(lib_a-reallocr.o)
                              /usr/bin/../lib/gcc/arm-none-eabi/4.9.3/../../../../arm-none-eabi/lib/armv7e-m/fpu/libg.a(lib_a-fvwrite.o) (_realloc_r)
/usr/bin/../lib/gcc/arm-none-eabi/4.9.3/../../../../arm-none-eabi/lib/armv7e-m/fpu/libg.a(lib_a-sbrkr.o)
[...]
Memory Configuration

Name             Origin             Length             Attributes
FLASH            0x0000000008000000 0x0000000000100000 xr
RAM              0x0000000020000000 0x0000000000020000 xrw
CCMRAM           0x0000000010000000 0x0000000000010000 rw
*default*        0x0000000000000000 0xffffffffffffffff

Linker script and memory map

LOAD /usr/bin/../lib/gcc/arm-none-eabi/4.9.3/armv7e-m/fpu/crti.o
LOAD /usr/bin/../lib/gcc/arm-none-eabi/4.9.3/armv7e-m/fpu/crtbegin.o
LOAD /usr/bin/../lib/gcc/arm-none-eabi/4.9.3/../../../../arm-none-eabi/lib/armv7e-m/fpu/crt0.o
LOAD /tmp/ccWqKKRS.o
LOAD obj/main.o
LOAD obj/syscalls.o
LOAD obj/usart.o
LOAD obj/console.o
LOAD obj/spi.o
LOAD obj/error.o
LOAD obj/system_stm32f4xx.o
LOAD obj/stm32f4xx_it.o
LOAD obj/stm32f4xx_hal_rcc.o
LOAD obj/stm32f4xx_hal_rcc_ex.o
LOAD obj/stm32f4xx_hal.o
LOAD obj/stm32f4xx_hal_cortex.o
LOAD obj/stm32f4xx_hal_gpio.o
LOAD obj/stm32f4xx_hal_spi.o
LOAD obj/stm32f4xx_hal_pwr_ex.o
LOAD obj/stm32f4xx_hal_uart.o
LOAD obj/stm32f4_discovery.o
START GROUP
LOAD /usr/bin/../lib/gcc/arm-none-eabi/4.9.3/armv7e-m/fpu/libgcc.a
LOAD /usr/bin/../lib/gcc/arm-none-eabi/4.9.3/../../../../arm-none-eabi/lib/armv7e-m/fpu/libg.a
LOAD /usr/bin/../lib/gcc/arm-none-eabi/4.9.3/../../../../arm-none-eabi/lib/armv7e-m/fpu/libc.a
END GROUP
LOAD /usr/bin/../lib/gcc/arm-none-eabi/4.9.3/armv7e-m/fpu/crtend.o
LOAD /usr/bin/../lib/gcc/arm-none-eabi/4.9.3/armv7e-m/fpu/crtn.o
                0x000000002001ffff                _estack = 0x2001ffff
                0x0000000000000200                _Min_Heap_Size = 0x200
                0x0000000000000400                _Min_Stack_Size = 0x400

.isr_vector     0x0000000008000000      0x188
                0x0000000008000000                . = ALIGN (0x4)
 *(.isr_vector)
 .isr_vector    0x0000000008000000      0x188 /tmp/ccWqKKRS.o
                0x0000000008000000                g_pfnVectors
                0x0000000008000188                . = ALIGN (0x4)

.text           0x0000000008000188     0x2de4
                0x0000000008000188                . = ALIGN (0x4)
 *(.text)
 .text          0x0000000008000188       0x5c /usr/bin/../lib/gcc/arm-none-eabi/4.9.3/armv7e-m/fpu/crtbegin.o
 .text          0x00000000080001e4      0x134 /usr/bin/../lib/gcc/arm-none-eabi/4.9.3/../../../../arm-none-eabi/lib/armv7e-m/fpu/libg.a(lib_a-memcpy.o)
                0x00000000080001e4                memcpy
 *(.text*)
 .text.Reset_Handler
                0x0000000008000318       0x50 /tmp/ccWqKKRS.o
                0x0000000008000318                Reset_Handler
 .text.Default_Handler
                0x0000000008000368        0x2 /tmp/ccWqKKRS.o
                0x0000000008000368                RTC_Alarm_IRQHandler
                0x0000000008000368                HASH_RNG_IRQHandler
                0x0000000008000368                EXTI2_IRQHandler
                0x0000000008000368                TIM8_CC_IRQHandler
                0x0000000008000368                TIM1_CC_IRQHandler
                0x0000000008000368                DMA2_Stream5_IRQHandler
                0x0000000008000368                DMA1_Stream5_IRQHandler
                0x0000000008000368                PVD_IRQHandler
                0x0000000008000368                SDIO_IRQHandler
                0x0000000008000368                TAMP_STAMP_IRQHandler
                0x0000000008000368                CAN2_RX1_IRQHandler
                0x0000000008000368                EXTI3_IRQHandler
                0x0000000008000368                TIM8_TRG_COM_TIM14_IRQHandler
                0x0000000008000368                TIM1_UP_TIM10_IRQHandler
                0x0000000008000368                TIM8_UP_TIM13_IRQHandler
                0x0000000008000368                I2C3_ER_IRQHandler
                0x0000000008000368                I2C2_EV_IRQHandler
                0x0000000008000368                DMA1_Stream2_IRQHandler
                0x0000000008000368                CAN1_RX0_IRQHandler
                0x0000000008000368                FPU_IRQHandler
                0x0000000008000368                OTG_HS_WKUP_IRQHandler
                0x0000000008000368                CAN2_SCE_IRQHandler
                0x0000000008000368                DMA2_Stream2_IRQHandler
                0x0000000008000368                SPI1_IRQHandler
                0x0000000008000368                TIM6_DAC_IRQHandler
                0x0000000008000368                TIM1_BRK_TIM9_IRQHandler
                0x0000000008000368                DCMI_IRQHandler
                0x0000000008000368                CAN2_RX0_IRQHandler
                0x0000000008000368                DMA2_Stream3_IRQHandler
                0x0000000008000368                USART6_IRQHandler
                0x0000000008000368                USART3_IRQHandler
                0x0000000008000368                CAN1_RX1_IRQHandler
                0x0000000008000368                UART5_IRQHandler
                0x0000000008000368                DMA2_Stream0_IRQHandler
                0x0000000008000368                TIM4_IRQHandler
                0x0000000008000368                I2C1_EV_IRQHandler
                0x0000000008000368                DMA1_Stream6_IRQHandler
                0x0000000008000368                DMA1_Stream1_IRQHandler
                0x0000000008000368                UART4_IRQHandler
                0x0000000008000368                TIM3_IRQHandler
                0x0000000008000368                RCC_IRQHandler
                0x0000000008000368                TIM8_BRK_TIM12_IRQHandler
                0x0000000008000368                Default_Handler
                0x0000000008000368                EXTI15_10_IRQHandler
                0x0000000008000368                ADC_IRQHandler
                0x0000000008000368                DMA1_Stream7_IRQHandler
                0x0000000008000368                TIM7_IRQHandler
                0x0000000008000368                CAN2_TX_IRQHandler
                0x0000000008000368                TIM5_IRQHandler
                0x0000000008000368                DMA2_Stream7_IRQHandler
                0x0000000008000368                I2C3_EV_IRQHandler
                0x0000000008000368                EXTI9_5_IRQHandler
                0x0000000008000368                RTC_WKUP_IRQHandler
                0x0000000008000368                ETH_WKUP_IRQHandler
                0x0000000008000368                SPI2_IRQHandler
                0x0000000008000368                OTG_HS_EP1_IN_IRQHandler
                0x0000000008000368                DMA1_Stream0_IRQHandler
                0x0000000008000368                CAN1_TX_IRQHandler
                0x0000000008000368                EXTI4_IRQHandler
                0x0000000008000368                FSMC_IRQHandler
                0x0000000008000368                ETH_IRQHandler
                0x0000000008000368                OTG_HS_EP1_OUT_IRQHandler
                0x0000000008000368                WWDG_IRQHandler
                0x0000000008000368                TIM2_IRQHandler
                0x0000000008000368                OTG_FS_WKUP_IRQHandler
                0x0000000008000368                TIM1_TRG_COM_TIM11_IRQHandler
                0x0000000008000368                OTG_HS_IRQHandler
                0x0000000008000368                EXTI1_IRQHandler
                0x0000000008000368                USART2_IRQHandler
                0x0000000008000368                I2C2_ER_IRQHandler
                0x0000000008000368                DMA2_Stream1_IRQHandler
                0x0000000008000368                CAN1_SCE_IRQHandler
                0x0000000008000368                FLASH_IRQHandler
                0x0000000008000368                DMA2_Stream4_IRQHandler
                0x0000000008000368                USART1_IRQHandler
                0x0000000008000368                OTG_FS_IRQHandler
                0x0000000008000368                SPI3_IRQHandler
                0x0000000008000368                DMA1_Stream4_IRQHandler
                0x0000000008000368                I2C1_ER_IRQHandler
                0x0000000008000368                DMA2_Stream6_IRQHandler
                0x0000000008000368                DMA1_Stream3_IRQHandler
 *fill*         0x000000000800036a        0x2 
 .text.HAL_IncTick
                0x000000000800036c       0x10 obj/main.o
                0x000000000800036c                HAL_IncTick
 .text.HAL_GetTick
                0x000000000800037c        0xc obj/main.o
                0x000000000800037c                HAL_GetTick
 .text.startup.main
                0x0000000008000388       0x80 obj/main.o
                0x0000000008000388                main
 .text._write   0x0000000008000408       0x18 obj/syscalls.o
                0x0000000008000408                _write
 .text._sbrk    0x0000000008000420       0x34 obj/syscalls.o
                0x0000000008000420                _sbrk
 .text._close   0x0000000008000454        0x6 obj/syscalls.o
                0x0000000008000454                _close
 .text._fstat   0x000000000800045a        0xa obj/syscalls.o
                0x000000000800045a                _fstat
 .text._isatty  0x0000000008000464        0x4 obj/syscalls.o
                0x0000000008000464                _isatty
 .text._lseek   0x0000000008000468        0x4 obj/syscalls.o
                0x0000000008000468                _lseek
 .text._read    0x000000000800046c        0x4 obj/syscalls.o
                0x000000000800046c                _read
 .text.USART2_UART_Init
                0x0000000008000470       0x38 obj/usart.o
                0x0000000008000470                USART2_UART_Init
 .text.HAL_UART_MspInit
                0x00000000080004a8       0x7c obj/usart.o
                0x00000000080004a8                HAL_UART_MspInit
 .text.ts_itoa  0x0000000008000524       0x34 obj/console.o
                0x0000000008000524                ts_itoa
 .text.ts_formatstring
                0x0000000008000558       0xc0 obj/console.o
                0x0000000008000558                ts_formatstring
 .text.ts_formatlength
                0x0000000008000618       0x74 obj/console.o
                0x0000000008000618                ts_formatlength
 .text.printf   0x000000000800068c       0x46 obj/console.o
                0x000000000800068c                printf
 *fill*         0x00000000080006d2        0x2 
 .text.my_log   0x00000000080006d4       0xcc obj/console.o
                0x00000000080006d4                my_log
 .text.SPI_Init
                0x00000000080007a0       0x60 obj/spi.o
                0x00000000080007a0                SPI_Init
 .text.HAL_SPI_MspInit
                0x0000000008000800       0x80 obj/spi.o
                0x0000000008000800                HAL_SPI_MspInit
 .text.write    0x0000000008000880       0x88 obj/spi.o
                0x0000000008000880                write
 .text.Error_Handler
                0x0000000008000908       0x28 obj/error.o
                0x0000000008000908                Error_Handler
 .text.SystemInit
                0x0000000008000930       0xe8 obj/system_stm32f4xx.o
                0x0000000008000930                SystemInit
 .text.NMI_Handler
                0x0000000008000a18        0x2 obj/stm32f4xx_it.o
                0x0000000008000a18                NMI_Handler
 .text.HardFault_Handler
                0x0000000008000a1a        0x2 obj/stm32f4xx_it.o
                0x0000000008000a1a                HardFault_Handler
 .text.MemManage_Handler
                0x0000000008000a1c        0x2 obj/stm32f4xx_it.o
                0x0000000008000a1c                MemManage_Handler
 .text.BusFault_Handler
                0x0000000008000a1e        0x2 obj/stm32f4xx_it.o
                0x0000000008000a1e                BusFault_Handler
 .text.UsageFault_Handler
                0x0000000008000a20        0x2 obj/stm32f4xx_it.o
                0x0000000008000a20                UsageFault_Handler
 .text.SVC_Handler
                0x0000000008000a22        0x2 obj/stm32f4xx_it.o
                0x0000000008000a22                SVC_Handler
 .text.DebugMon_Handler
                0x0000000008000a24        0x2 obj/stm32f4xx_it.o
                0x0000000008000a24                DebugMon_Handler
 .text.PendSV_Handler
                0x0000000008000a26        0x2 obj/stm32f4xx_it.o
                0x0000000008000a26                PendSV_Handler
 .text.SysTick_Handler
                0x0000000008000a28        0x4 obj/stm32f4xx_it.o
                0x0000000008000a28                SysTick_Handler
 .text.EXTI0_IRQHandler
                0x0000000008000a2c        0x6 obj/stm32f4xx_it.o
                0x0000000008000a2c                EXTI0_IRQHandler
 *fill*         0x0000000008000a32        0x2 
 .text.HAL_RCC_GetPCLK1Freq
                0x0000000008000a34       0x30 obj/stm32f4xx_hal_rcc.o
                0x0000000008000a34                HAL_RCC_GetPCLK1Freq
 .text.HAL_RCC_GetPCLK2Freq
                0x0000000008000a64       0x30 obj/stm32f4xx_hal_rcc.o
                0x0000000008000a64                HAL_RCC_GetPCLK2Freq
 .text.HAL_MspInit
                0x0000000008000a94        0x2 obj/stm32f4xx_hal.o
                0x0000000008000a94                HAL_MspInit
 *fill*         0x0000000008000a96        0x2 
 .text.HAL_InitTick
                0x0000000008000a98       0x28 obj/stm32f4xx_hal.o
                0x0000000008000a98                HAL_InitTick
 .text.HAL_Init
                0x0000000008000ac0       0x34 obj/stm32f4xx_hal.o
                0x0000000008000ac0                HAL_Init
 .text.HAL_NVIC_SetPriorityGrouping
                0x0000000008000af4       0x24 obj/stm32f4xx_hal_cortex.o
                0x0000000008000af4                HAL_NVIC_SetPriorityGrouping
 .text.HAL_NVIC_SetPriority
                0x0000000008000b18       0x60 obj/stm32f4xx_hal_cortex.o
                0x0000000008000b18                HAL_NVIC_SetPriority
 .text.HAL_SYSTICK_Config
                0x0000000008000b78       0x2c obj/stm32f4xx_hal_cortex.o
                0x0000000008000b78                HAL_SYSTICK_Config
 .text.HAL_GPIO_Init
                0x0000000008000ba4      0x1c8 obj/stm32f4xx_hal_gpio.o
                0x0000000008000ba4                HAL_GPIO_Init
 .text.HAL_GPIO_WritePin
                0x0000000008000d6c        0x8 obj/stm32f4xx_hal_gpio.o
                0x0000000008000d6c                HAL_GPIO_WritePin
 .text.HAL_GPIO_EXTI_Callback
                0x0000000008000d74        0x2 obj/stm32f4xx_hal_gpio.o
                0x0000000008000d74                HAL_GPIO_EXTI_Callback
 *fill*         0x0000000008000d76        0x2 
 .text.HAL_GPIO_EXTI_IRQHandler
                0x0000000008000d78       0x18 obj/stm32f4xx_hal_gpio.o
                0x0000000008000d78                HAL_GPIO_EXTI_IRQHandler
 .text.SPI_WaitFlagStateUntilTimeout
                0x0000000008000d90       0x8c obj/stm32f4xx_hal_spi.o
 .text.SPI_CheckFlag_BSY
                0x0000000008000e1c       0x20 obj/stm32f4xx_hal_spi.o
 .text.HAL_SPI_Init
                0x0000000008000e3c       0x80 obj/stm32f4xx_hal_spi.o
                0x0000000008000e3c                HAL_SPI_Init
 .text.HAL_SPI_MspDeInit
                0x0000000008000ebc        0x2 obj/stm32f4xx_hal_spi.o
                0x0000000008000ebc                HAL_SPI_MspDeInit
 .text.HAL_SPI_DeInit
                0x0000000008000ebe       0x2c obj/stm32f4xx_hal_spi.o
                0x0000000008000ebe                HAL_SPI_DeInit
 .text.HAL_SPI_TransmitReceive
                0x0000000008000eea      0x2c2 obj/stm32f4xx_hal_spi.o
                0x0000000008000eea                HAL_SPI_TransmitReceive
 .text.UART_SetConfig
                0x00000000080011ac      0x238 obj/stm32f4xx_hal_uart.o
 .text.UART_WaitOnFlagUntilTimeout.constprop.2
                0x00000000080013e4       0x50 obj/stm32f4xx_hal_uart.o
 .text.HAL_UART_Init
                0x0000000008001434       0x5c obj/stm32f4xx_hal_uart.o
                0x0000000008001434                HAL_UART_Init
 .text.HAL_UART_Transmit
                0x0000000008001490       0xb6 obj/stm32f4xx_hal_uart.o
                0x0000000008001490                HAL_UART_Transmit
 *fill*         0x0000000008001546        0x2 
 .text.BSP_LED_Init
                0x0000000008001548       0xb4 obj/stm32f4_discovery.o
                0x0000000008001548                BSP_LED_Init
 .text.BSP_LED_On
                0x00000000080015fc       0x1c obj/stm32f4_discovery.o
                0x00000000080015fc                BSP_LED_On
 .text.BSP_LED_Off
                0x0000000008001618       0x1c obj/stm32f4_discovery.o
                0x0000000008001618                BSP_LED_Off
 .text.__libc_init_array
                0x0000000008001634       0x50 /usr/bin/../lib/gcc/arm-none-eabi/4.9.3/../../../../arm-none-eabi/lib/armv7e-m/fpu/libg.a(lib_a-init.o)
                0x0000000008001634                __libc_init_array
 .text.memset   0x0000000008001684       0x9c /usr/bin/../lib/gcc/arm-none-eabi/4.9.3/../../../../arm-none-eabi/lib/armv7e-m/fpu/libg.a(lib_a-memset.o)
                0x0000000008001684                memset
 .text._puts_r  0x0000000008001720       0x64 /usr/bin/../lib/gcc/arm-none-eabi/4.9.3/../../../../arm-none-eabi/lib/armv7e-m/fpu/libg.a(lib_a-puts.o)
                0x0000000008001720                _puts_r
 .text.puts     0x0000000008001784       0x10 /usr/bin/../lib/gcc/arm-none-eabi/4.9.3/../../../../arm-none-eabi/lib/armv7e-m/fpu/libg.a(lib_a-puts.o)
                0x0000000008001784                puts
 .text.strlen   0x0000000008001794       0x5c /usr/bin/../lib/gcc/arm-none-eabi/4.9.3/../../../../arm-none-eabi/lib/armv7e-m/fpu/libg.a(lib_a-strlen.o)
                0x0000000008001794                strlen
 .text.startup.register_fini
                0x00000000080017f0       0x14 /usr/bin/../lib/gcc/arm-none-eabi/4.9.3/../../../../arm-none-eabi/lib/armv7e-m/fpu/libg.a(lib_a-__call_atexit.o)
 .text.atexit   0x0000000008001804        0xc /usr/bin/../lib/gcc/arm-none-eabi/4.9.3/../../../../arm-none-eabi/lib/armv7e-m/fpu/libg.a(lib_a-atexit.o)
                0x0000000008001804                atexit
 .text._cleanup_r
                0x0000000008001810        0xc /usr/bin/../lib/gcc/arm-none-eabi/4.9.3/../../../../arm-none-eabi/lib/armv7e-m/fpu/libg.a(lib_a-findfp.o)
                0x0000000008001810                _cleanup_r
 .text.__sinit.part.1
                0x000000000800181c       0xf0 /usr/bin/../lib/gcc/arm-none-eabi/4.9.3/../../../../arm-none-eabi/lib/armv7e-m/fpu/libg.a(lib_a-findfp.o)
 .text.__sinit  0x000000000800190c        0xc /usr/bin/../lib/gcc/arm-none-eabi/4.9.3/../../../../arm-none-eabi/lib/armv7e-m/fpu/libg.a(lib_a-findfp.o)
                0x000000000800190c                __sinit
 .text.__sfp_lock_acquire
                0x0000000008001918        0x4 /usr/bin/../lib/gcc/arm-none-eabi/4.9.3/../../../../arm-none-eabi/lib/armv7e-m/fpu/libg.a(lib_a-findfp.o)
                0x0000000008001918                __sfp_lock_acquire
 .text.__sfp_lock_release
                0x000000000800191c        0x4 /usr/bin/../lib/gcc/arm-none-eabi/4.9.3/../../../../arm-none-eabi/lib/armv7e-m/fpu/libg.a(lib_a-findfp.o)
                0x000000000800191c                __sfp_lock_release
 .text.__libc_fini_array
                0x0000000008001920       0x2c /usr/bin/../lib/gcc/arm-none-eabi/4.9.3/../../../../arm-none-eabi/lib/armv7e-m/fpu/libg.a(lib_a-fini.o)
                0x0000000008001920                __libc_fini_array
 .text._malloc_trim_r
                0x000000000800194c       0x9c /usr/bin/../lib/gcc/arm-none-eabi/4.9.3/../../../../arm-none-eabi/lib/armv7e-m/fpu/libg.a(lib_a-freer.o)
                0x000000000800194c                _malloc_trim_r
 .text._free_r  0x00000000080019e8      0x1b0 /usr/bin/../lib/gcc/arm-none-eabi/4.9.3/../../../../arm-none-eabi/lib/armv7e-m/fpu/libg.a(lib_a-freer.o)
                0x00000000080019e8                _free_r
 .text.__sfvwrite_r
                0x0000000008001b98      0x318 /usr/bin/../lib/gcc/arm-none-eabi/4.9.3/../../../../arm-none-eabi/lib/armv7e-m/fpu/libg.a(lib_a-fvwrite.o)
                0x0000000008001b98                __sfvwrite_r
 .text._fwalk_reent
                0x0000000008001eb0       0x54 /usr/bin/../lib/gcc/arm-none-eabi/4.9.3/../../../../arm-none-eabi/lib/armv7e-m/fpu/libg.a(lib_a-fwalk.o)
                0x0000000008001eb0                _fwalk_reent
 .text._malloc_r
                0x0000000008001f04      0x524 /usr/bin/../lib/gcc/arm-none-eabi/4.9.3/../../../../arm-none-eabi/lib/armv7e-m/fpu/libg.a(lib_a-mallocr.o)
                0x0000000008001f04                _malloc_r
 .text.memchr   0x0000000008002428       0x94 /usr/bin/../lib/gcc/arm-none-eabi/4.9.3/../../../../arm-none-eabi/lib/armv7e-m/fpu/libg.a(lib_a-memchr.o)
                0x0000000008002428                memchr
 .text.memmove  0x00000000080024bc       0xc8 /usr/bin/../lib/gcc/arm-none-eabi/4.9.3/../../../../arm-none-eabi/lib/armv7e-m/fpu/libg.a(lib_a-memmove.o)
                0x00000000080024bc                memmove
 .text.__malloc_lock
                0x0000000008002584        0x4 /usr/bin/../lib/gcc/arm-none-eabi/4.9.3/../../../../arm-none-eabi/lib/armv7e-m/fpu/libg.a(lib_a-mlock.o)
                0x0000000008002584                __malloc_lock
 .text.__malloc_unlock
                0x0000000008002588        0x4 /usr/bin/../lib/gcc/arm-none-eabi/4.9.3/../../../../arm-none-eabi/lib/armv7e-m/fpu/libg.a(lib_a-mlock.o)
                0x0000000008002588                __malloc_unlock
 .text._realloc_r
                0x000000000800258c      0x3ec /usr/bin/../lib/gcc/arm-none-eabi/4.9.3/../../../../arm-none-eabi/lib/armv7e-m/fpu/libg.a(lib_a-reallocr.o)
                0x000000000800258c                _realloc_r
 .text._sbrk_r  0x0000000008002978       0x24 /usr/bin/../lib/gcc/arm-none-eabi/4.9.3/../../../../arm-none-eabi/lib/armv7e-m/fpu/libg.a(lib_a-sbrkr.o)
                0x0000000008002978                _sbrk_r
 .text.__sread  0x000000000800299c       0x24 /usr/bin/../lib/gcc/arm-none-eabi/4.9.3/../../../../arm-none-eabi/lib/armv7e-m/fpu/libg.a(lib_a-stdio.o)
                0x000000000800299c                __sread
 .text.__swrite
                0x00000000080029c0       0x38 /usr/bin/../lib/gcc/arm-none-eabi/4.9.3/../../../../arm-none-eabi/lib/armv7e-m/fpu/libg.a(lib_a-stdio.o)
                0x00000000080029c0                __swrite
 .text.__sseek  0x00000000080029f8       0x20 /usr/bin/../lib/gcc/arm-none-eabi/4.9.3/../../../../arm-none-eabi/lib/armv7e-m/fpu/libg.a(lib_a-stdio.o)
                0x00000000080029f8                __sseek
 .text.__sclose
                0x0000000008002a18        0x8 /usr/bin/../lib/gcc/arm-none-eabi/4.9.3/../../../../arm-none-eabi/lib/armv7e-m/fpu/libg.a(lib_a-stdio.o)
                0x0000000008002a18                __sclose
 .text._write_r
                0x0000000008002a20       0x28 /usr/bin/../lib/gcc/arm-none-eabi/4.9.3/../../../../arm-none-eabi/lib/armv7e-m/fpu/libg.a(lib_a-writer.o)
                0x0000000008002a20                _write_r
 .text.__swsetup_r
                0x0000000008002a48       0xc4 /usr/bin/../lib/gcc/arm-none-eabi/4.9.3/../../../../arm-none-eabi/lib/armv7e-m/fpu/libg.a(lib_a-wsetup.o)
                0x0000000008002a48                __swsetup_r
 .text.__register_exitproc
                0x0000000008002b0c       0xa4 /usr/bin/../lib/gcc/arm-none-eabi/4.9.3/../../../../arm-none-eabi/lib/armv7e-m/fpu/libg.a(lib_a-__atexit.o)
                0x0000000008002b0c                __register_exitproc
 .text._close_r
                0x0000000008002bb0       0x24 /usr/bin/../lib/gcc/arm-none-eabi/4.9.3/../../../../arm-none-eabi/lib/armv7e-m/fpu/libg.a(lib_a-closer.o)
                0x0000000008002bb0                _close_r
 .text._fclose_r
                0x0000000008002bd4       0x84 /usr/bin/../lib/gcc/arm-none-eabi/4.9.3/../../../../arm-none-eabi/lib/armv7e-m/fpu/libg.a(lib_a-fclose.o)
                0x0000000008002bd4                _fclose_r
 .text.__sflush_r
                0x0000000008002c58      0x154 /usr/bin/../lib/gcc/arm-none-eabi/4.9.3/../../../../arm-none-eabi/lib/armv7e-m/fpu/libg.a(lib_a-fflush.o)
                0x0000000008002c58                __sflush_r
 .text._fflush_r
                0x0000000008002dac       0x2c /usr/bin/../lib/gcc/arm-none-eabi/4.9.3/../../../../arm-none-eabi/lib/armv7e-m/fpu/libg.a(lib_a-fflush.o)
                0x0000000008002dac                _fflush_r
 .text._lseek_r
                0x0000000008002dd8       0x28 /usr/bin/../lib/gcc/arm-none-eabi/4.9.3/../../../../arm-none-eabi/lib/armv7e-m/fpu/libg.a(lib_a-lseekr.o)
                0x0000000008002dd8                _lseek_r
 .text.__smakebuf_r
                0x0000000008002e00       0xe0 /usr/bin/../lib/gcc/arm-none-eabi/4.9.3/../../../../arm-none-eabi/lib/armv7e-m/fpu/libg.a(lib_a-makebuf.o)
                0x0000000008002e00                __smakebuf_r
 .text._read_r  0x0000000008002ee0       0x28 /usr/bin/../lib/gcc/arm-none-eabi/4.9.3/../../../../arm-none-eabi/lib/armv7e-m/fpu/libg.a(lib_a-readr.o)
                0x0000000008002ee0                _read_r
 .text._fstat_r
                0x0000000008002f08       0x28 /usr/bin/../lib/gcc/arm-none-eabi/4.9.3/../../../../arm-none-eabi/lib/armv7e-m/fpu/libg.a(lib_a-fstatr.o)
                0x0000000008002f08                _fstat_r
 .text._isatty_r
                0x0000000008002f30       0x24 /usr/bin/../lib/gcc/arm-none-eabi/4.9.3/../../../../arm-none-eabi/lib/armv7e-m/fpu/libg.a(lib_a-isattyr.o)
                0x0000000008002f30                _isatty_r
 *(.glue_7)
 .glue_7        0x0000000000000000        0x0 linker stubs
 *(.glue_7t)
 .glue_7t       0x0000000000000000        0x0 linker stubs
 *(.eh_frame)
 .eh_frame      0x0000000008002f54        0x0 /usr/bin/../lib/gcc/arm-none-eabi/4.9.3/armv7e-m/fpu/crtbegin.o
 *(.init)
 .init          0x0000000008002f54        0x4 /usr/bin/../lib/gcc/arm-none-eabi/4.9.3/armv7e-m/fpu/crti.o
                0x0000000008002f54                _init
 .init          0x0000000008002f58        0x8 /usr/bin/../lib/gcc/arm-none-eabi/4.9.3/armv7e-m/fpu/crtn.o
 *(.fini)
 .fini          0x0000000008002f60        0x4 /usr/bin/../lib/gcc/arm-none-eabi/4.9.3/armv7e-m/fpu/crti.o
                0x0000000008002f60                _fini
 .fini          0x0000000008002f64        0x8 /usr/bin/../lib/gcc/arm-none-eabi/4.9.3/armv7e-m/fpu/crtn.o
                0x0000000008002f6c                . = ALIGN (0x4)
                0x0000000008002f6c                _etext = .

.vfp11_veneer   0x0000000008002f6c        0x0
 .vfp11_veneer  0x0000000000000000        0x0 linker stubs

.v4_bx          0x0000000008002f6c        0x0
 .v4_bx         0x0000000000000000        0x0 linker stubs

.iplt           0x0000000008002f6c        0x0
 .iplt          0x0000000000000000        0x0 /usr/bin/../lib/gcc/arm-none-eabi/4.9.3/armv7e-m/fpu/crtbegin.o

.rodata         0x0000000008002f6c      0x118
                0x0000000008002f6c                . = ALIGN (0x4)
 *(.rodata)
 *(.rodata*)
 .rodata.str1.1
                0x0000000008002f6c       0x30 obj/main.o
 .rodata.str1.1
                0x0000000008002f9c       0x26 obj/console.o
                                         0x28 (size before relaxing)
 .rodata.str1.1
                0x0000000008002fc2       0x74 obj/spi.o
 .rodata.str1.1
                0x0000000008003036       0x29 obj/error.o
 .rodata.APBAHBPrescTable
                0x000000000800305f       0x10 obj/stm32f4xx_hal_rcc.o
                0x000000000800305f                APBAHBPrescTable
 *fill*         0x000000000800306f        0x1 
 .rodata.GPIO_PIN
                0x0000000008003070        0x8 obj/stm32f4_discovery.o
                0x0000000008003070                GPIO_PIN
 .rodata.str1.4
                0x0000000008003078        0x2 /usr/bin/../lib/gcc/arm-none-eabi/4.9.3/../../../../arm-none-eabi/lib/armv7e-m/fpu/libg.a(lib_a-impure.o)
 *fill*         0x000000000800307a        0x2 
 .rodata._global_impure_ptr
                0x000000000800307c        0x4 /usr/bin/../lib/gcc/arm-none-eabi/4.9.3/../../../../arm-none-eabi/lib/armv7e-m/fpu/libg.a(lib_a-impure.o)
                0x000000000800307c                _global_impure_ptr
 .rodata.str1.4
                0x0000000008003080        0x4 /usr/bin/../lib/gcc/arm-none-eabi/4.9.3/../../../../arm-none-eabi/lib/armv7e-m/fpu/libg.a(lib_a-puts.o)
                                          0x2 (size before relaxing)
                0x0000000008003084                . = ALIGN (0x4)

.rel.dyn        0x0000000008003084        0x0
 .rel.iplt      0x0000000000000000        0x0 /usr/bin/../lib/gcc/arm-none-eabi/4.9.3/armv7e-m/fpu/crtbegin.o

.ARM.extab
 *(.ARM.extab* .gnu.linkonce.armextab.*)

.ARM            0x0000000008003084        0x0
                0x0000000008003084                __exidx_start = .
 *(.ARM.exidx*)
                0x0000000008003084                __exidx_end = .

.preinit_array  0x0000000008003084        0x0
                0x0000000008003084                PROVIDE (__preinit_array_start, .)
 *(.preinit_array*)
                0x0000000008003084                PROVIDE (__preinit_array_end, .)

.init_array     0x0000000008003084        0x8
                0x0000000008003084                PROVIDE (__init_array_start, .)
 *(SORT(.init_array.*))
 .init_array.00000
                0x0000000008003084        0x4 /usr/bin/../lib/gcc/arm-none-eabi/4.9.3/../../../../arm-none-eabi/lib/armv7e-m/fpu/libg.a(lib_a-__call_atexit.o)
 *(.init_array*)
 .init_array    0x0000000008003088        0x4 /usr/bin/../lib/gcc/arm-none-eabi/4.9.3/armv7e-m/fpu/crtbegin.o
                0x000000000800308c                PROVIDE (__init_array_end, .)

.fini_array     0x000000000800308c        0x4
                0x000000000800308c                PROVIDE (__fini_array_start, .)
 *(SORT(.fini_array.*))
 *(.fini_array*)
 .fini_array    0x000000000800308c        0x4 /usr/bin/../lib/gcc/arm-none-eabi/4.9.3/armv7e-m/fpu/crtbegin.o
                0x0000000008003090                PROVIDE (__fini_array_end, .)
                0x0000000008003090                _sidata = LOADADDR (.data)

.data           0x0000000020000000      0x854 load address 0x0000000008003090
                0x0000000020000000                . = ALIGN (0x4)
                0x0000000020000000                _sdata = .
 *(.data)
 *(.data*)
 .data.SystemCoreClock
                0x0000000020000000        0x4 obj/system_stm32f4xx.o
                0x0000000020000000                SystemCoreClock
 .data.GPIO_PORT
                0x0000000020000004       0x10 obj/stm32f4_discovery.o
                0x0000000020000004                GPIO_PORT
 *fill*         0x0000000020000014        0x4 
 .data.impure_data
                0x0000000020000018      0x428 /usr/bin/../lib/gcc/arm-none-eabi/4.9.3/../../../../arm-none-eabi/lib/armv7e-m/fpu/libg.a(lib_a-impure.o)
 .data._impure_ptr
                0x0000000020000440        0x4 /usr/bin/../lib/gcc/arm-none-eabi/4.9.3/../../../../arm-none-eabi/lib/armv7e-m/fpu/libg.a(lib_a-impure.o)
                0x0000000020000440                _impure_ptr
 .data.__malloc_av_
                0x0000000020000444      0x408 /usr/bin/../lib/gcc/arm-none-eabi/4.9.3/../../../../arm-none-eabi/lib/armv7e-m/fpu/libg.a(lib_a-mallocr.o)
                0x0000000020000444                __malloc_av_
 .data.__malloc_trim_threshold
                0x000000002000084c        0x4 /usr/bin/../lib/gcc/arm-none-eabi/4.9.3/../../../../arm-none-eabi/lib/armv7e-m/fpu/libg.a(lib_a-mallocr.o)
                0x000000002000084c                __malloc_trim_threshold
 .data.__malloc_sbrk_base
                0x0000000020000850        0x4 /usr/bin/../lib/gcc/arm-none-eabi/4.9.3/../../../../arm-none-eabi/lib/armv7e-m/fpu/libg.a(lib_a-mallocr.o)
                0x0000000020000850                __malloc_sbrk_base
                0x0000000020000854                . = ALIGN (0x4)
                0x0000000020000854                _edata = .
                0x00000000080038e4                _siccmram = LOADADDR (.ccmram)

.jcr            0x0000000020000854        0x0 load address 0x00000000080038e4
 .jcr           0x0000000020000854        0x0 /usr/bin/../lib/gcc/arm-none-eabi/4.9.3/armv7e-m/fpu/crtbegin.o

.igot.plt       0x0000000020000854        0x0 load address 0x00000000080038e4
 .igot.plt      0x0000000000000000        0x0 /usr/bin/../lib/gcc/arm-none-eabi/4.9.3/armv7e-m/fpu/crtbegin.o

.ccmram         0x0000000010000000        0x0 load address 0x00000000080038e4
                0x0000000010000000                . = ALIGN (0x4)
                0x0000000010000000                _sccmram = .
 *(.ccmram)
 *(.ccmram*)
                0x0000000010000000                . = ALIGN (0x4)
                0x0000000010000000                _eccmram = .
                0x0000000010000000                . = ALIGN (0x4)

.bss            0x0000000020000854       0xf4
                0x0000000020000854                _sbss = .
                0x0000000020000854                __bss_start__ = _sbss
 *(.bss)
 .bss           0x0000000020000854       0x1c /usr/bin/../lib/gcc/arm-none-eabi/4.9.3/armv7e-m/fpu/crtbegin.o
 *(.bss*)
 .bss.my_tick   0x0000000020000870        0x4 obj/main.o
                0x0000000020000870                my_tick
 .bss.heap_end.8965
                0x0000000020000874        0x4 obj/syscalls.o
 .bss.__malloc_max_total_mem
                0x0000000020000878        0x4 /usr/bin/../lib/gcc/arm-none-eabi/4.9.3/../../../../arm-none-eabi/lib/armv7e-m/fpu/libg.a(lib_a-mallocr.o)
                0x0000000020000878                __malloc_max_total_mem
 .bss.__malloc_max_sbrked_mem
                0x000000002000087c        0x4 /usr/bin/../lib/gcc/arm-none-eabi/4.9.3/../../../../arm-none-eabi/lib/armv7e-m/fpu/libg.a(lib_a-mallocr.o)
                0x000000002000087c                __malloc_max_sbrked_mem
 .bss.__malloc_top_pad
                0x0000000020000880        0x4 /usr/bin/../lib/gcc/arm-none-eabi/4.9.3/../../../../arm-none-eabi/lib/armv7e-m/fpu/libg.a(lib_a-mallocr.o)
                0x0000000020000880                __malloc_top_pad
 .bss.__malloc_current_mallinfo
                0x0000000020000884       0x28 /usr/bin/../lib/gcc/arm-none-eabi/4.9.3/../../../../arm-none-eabi/lib/armv7e-m/fpu/libg.a(lib_a-mallocr.o)
                0x0000000020000884                __malloc_current_mallinfo
 *(COMMON)
 COMMON         0x00000000200008ac       0x40 obj/usart.o
                0x00000000200008ac                huart2
 COMMON         0x00000000200008ec       0x58 obj/spi.o
                0x00000000200008ec                hspi
 COMMON         0x0000000020000944        0x4 /usr/bin/../lib/gcc/arm-none-eabi/4.9.3/../../../../arm-none-eabi/lib/armv7e-m/fpu/libg.a(lib_a-reent.o)
                0x0000000020000944                errno
                0x0000000020000948                . = ALIGN (0x4)
                0x0000000020000948                _ebss = .
                0x0000000020000948                __bss_end__ = _ebss

._user_heap_stack
                0x0000000020000948      0x600
                0x0000000020000948                . = ALIGN (0x4)
                0x0000000020000948                PROVIDE (end, .)
                0x0000000020000948                PROVIDE (_end, .)
                0x0000000020000b48                . = (. + _Min_Heap_Size)
 *fill*         0x0000000020000948      0x200 
                0x0000000020000f48                . = (. + _Min_Stack_Size)
 *fill*         0x0000000020000b48      0x400 
                0x0000000020000f48                . = ALIGN (0x4)

/DISCARD/
 libc.a(*)
 libm.a(*)
 libgcc.a(*)

.ARM.attributes
                0x0000000000000000       0x30
 *(.ARM.attributes)
 .ARM.attributes
                0x0000000000000000       0x22 /usr/bin/../lib/gcc/arm-none-eabi/4.9.3/armv7e-m/fpu/crti.o
 .ARM.attributes
                0x0000000000000022       0x34 /usr/bin/../lib/gcc/arm-none-eabi/4.9.3/armv7e-m/fpu/crtbegin.o
 .ARM.attributes
                0x0000000000000056       0x21 /tmp/ccWqKKRS.o
 .ARM.attributes
                0x0000000000000077       0x39 obj/main.o
 .ARM.attributes
                0x00000000000000b0       0x39 obj/syscalls.o
 .ARM.attributes
                0x00000000000000e9       0x39 obj/usart.o
 .ARM.attributes
                0x0000000000000122       0x39 obj/console.o
 .ARM.attributes
                0x000000000000015b       0x39 obj/spi.o
 .ARM.attributes
                0x0000000000000194       0x39 obj/error.o
 .ARM.attributes
                0x00000000000001cd       0x39 obj/system_stm32f4xx.o
 .ARM.attributes
                0x0000000000000206       0x39 obj/stm32f4xx_it.o
 .ARM.attributes
                0x000000000000023f       0x39 obj/stm32f4xx_hal_rcc.o
 .ARM.attributes
                0x0000000000000278       0x39 obj/stm32f4xx_hal.o
 .ARM.attributes
                0x00000000000002b1       0x39 obj/stm32f4xx_hal_cortex.o
 .ARM.attributes
                0x00000000000002ea       0x39 obj/stm32f4xx_hal_gpio.o
 .ARM.attributes
                0x0000000000000323       0x39 obj/stm32f4xx_hal_spi.o
 .ARM.attributes
                0x000000000000035c       0x39 obj/stm32f4xx_hal_uart.o
 .ARM.attributes
                0x0000000000000395       0x39 obj/stm32f4_discovery.o
 .ARM.attributes
                0x00000000000003ce       0x34 /usr/bin/../lib/gcc/arm-none-eabi/4.9.3/../../../../arm-none-eabi/lib/armv7e-m/fpu/libg.a(lib_a-impure.o)
 .ARM.attributes
                0x0000000000000402       0x34 /usr/bin/../lib/gcc/arm-none-eabi/4.9.3/../../../../arm-none-eabi/lib/armv7e-m/fpu/libg.a(lib_a-init.o)
 .ARM.attributes
                0x0000000000000436       0x34 /usr/bin/../lib/gcc/arm-none-eabi/4.9.3/../../../../arm-none-eabi/lib/armv7e-m/fpu/libg.a(lib_a-memset.o)
 .ARM.attributes
                0x000000000000046a       0x34 /usr/bin/../lib/gcc/arm-none-eabi/4.9.3/../../../../arm-none-eabi/lib/armv7e-m/fpu/libg.a(lib_a-puts.o)
 .ARM.attributes
                0x000000000000049e       0x34 /usr/bin/../lib/gcc/arm-none-eabi/4.9.3/../../../../arm-none-eabi/lib/armv7e-m/fpu/libg.a(lib_a-reent.o)
 .ARM.attributes
                0x00000000000004d2       0x34 /usr/bin/../lib/gcc/arm-none-eabi/4.9.3/../../../../arm-none-eabi/lib/armv7e-m/fpu/libg.a(lib_a-strlen.o)
 .ARM.attributes
                0x0000000000000506       0x34 /usr/bin/../lib/gcc/arm-none-eabi/4.9.3/../../../../arm-none-eabi/lib/armv7e-m/fpu/libg.a(lib_a-__call_atexit.o)
 .ARM.attributes
                0x000000000000053a       0x34 /usr/bin/../lib/gcc/arm-none-eabi/4.9.3/../../../../arm-none-eabi/lib/armv7e-m/fpu/libg.a(lib_a-atexit.o)
 .ARM.attributes
                0x000000000000056e       0x34 /usr/bin/../lib/gcc/arm-none-eabi/4.9.3/../../../../arm-none-eabi/lib/armv7e-m/fpu/libg.a(lib_a-findfp.o)
 .ARM.attributes
                0x00000000000005a2       0x34 /usr/bin/../lib/gcc/arm-none-eabi/4.9.3/../../../../arm-none-eabi/lib/armv7e-m/fpu/libg.a(lib_a-fini.o)
 .ARM.attributes
                0x00000000000005d6       0x34 /usr/bin/../lib/gcc/arm-none-eabi/4.9.3/../../../../arm-none-eabi/lib/armv7e-m/fpu/libg.a(lib_a-freer.o)
 .ARM.attributes
                0x000000000000060a       0x34 /usr/bin/../lib/gcc/arm-none-eabi/4.9.3/../../../../arm-none-eabi/lib/armv7e-m/fpu/libg.a(lib_a-fvwrite.o)
 .ARM.attributes
                0x000000000000063e       0x34 /usr/bin/../lib/gcc/arm-none-eabi/4.9.3/../../../../arm-none-eabi/lib/armv7e-m/fpu/libg.a(lib_a-fwalk.o)
 .ARM.attributes
                0x0000000000000672       0x34 /usr/bin/../lib/gcc/arm-none-eabi/4.9.3/../../../../arm-none-eabi/lib/armv7e-m/fpu/libg.a(lib_a-mallocr.o)
 .ARM.attributes
                0x00000000000006a6       0x34 /usr/bin/../lib/gcc/arm-none-eabi/4.9.3/../../../../arm-none-eabi/lib/armv7e-m/fpu/libg.a(lib_a-memchr.o)
 .ARM.attributes
                0x00000000000006da       0x20 /usr/bin/../lib/gcc/arm-none-eabi/4.9.3/../../../../arm-none-eabi/lib/armv7e-m/fpu/libg.a(lib_a-memcpy.o)
 .ARM.attributes
                0x00000000000006fa       0x34 /usr/bin/../lib/gcc/arm-none-eabi/4.9.3/../../../../arm-none-eabi/lib/armv7e-m/fpu/libg.a(lib_a-memmove.o)
 .ARM.attributes
                0x000000000000072e       0x34 /usr/bin/../lib/gcc/arm-none-eabi/4.9.3/../../../../arm-none-eabi/lib/armv7e-m/fpu/libg.a(lib_a-mlock.o)
 .ARM.attributes
                0x0000000000000762       0x34 /usr/bin/../lib/gcc/arm-none-eabi/4.9.3/../../../../arm-none-eabi/lib/armv7e-m/fpu/libg.a(lib_a-reallocr.o)
 .ARM.attributes
                0x0000000000000796       0x34 /usr/bin/../lib/gcc/arm-none-eabi/4.9.3/../../../../arm-none-eabi/lib/armv7e-m/fpu/libg.a(lib_a-sbrkr.o)
 .ARM.attributes
                0x00000000000007ca       0x34 /usr/bin/../lib/gcc/arm-none-eabi/4.9.3/../../../../arm-none-eabi/lib/armv7e-m/fpu/libg.a(lib_a-stdio.o)
 .ARM.attributes
                0x00000000000007fe       0x34 /usr/bin/../lib/gcc/arm-none-eabi/4.9.3/../../../../arm-none-eabi/lib/armv7e-m/fpu/libg.a(lib_a-writer.o)
 .ARM.attributes
                0x0000000000000832       0x34 /usr/bin/../lib/gcc/arm-none-eabi/4.9.3/../../../../arm-none-eabi/lib/armv7e-m/fpu/libg.a(lib_a-wsetup.o)
 .ARM.attributes
                0x0000000000000866       0x34 /usr/bin/../lib/gcc/arm-none-eabi/4.9.3/../../../../arm-none-eabi/lib/armv7e-m/fpu/libg.a(lib_a-__atexit.o)
 .ARM.attributes
                0x000000000000089a       0x34 /usr/bin/../lib/gcc/arm-none-eabi/4.9.3/../../../../arm-none-eabi/lib/armv7e-m/fpu/libg.a(lib_a-closer.o)
 .ARM.attributes
                0x00000000000008ce       0x34 /usr/bin/../lib/gcc/arm-none-eabi/4.9.3/../../../../arm-none-eabi/lib/armv7e-m/fpu/libg.a(lib_a-fclose.o)
 .ARM.attributes
                0x0000000000000902       0x34 /usr/bin/../lib/gcc/arm-none-eabi/4.9.3/../../../../arm-none-eabi/lib/armv7e-m/fpu/libg.a(lib_a-fflush.o)
 .ARM.attributes
                0x0000000000000936       0x34 /usr/bin/../lib/gcc/arm-none-eabi/4.9.3/../../../../arm-none-eabi/lib/armv7e-m/fpu/libg.a(lib_a-lseekr.o)
 .ARM.attributes
                0x000000000000096a       0x34 /usr/bin/../lib/gcc/arm-none-eabi/4.9.3/../../../../arm-none-eabi/lib/armv7e-m/fpu/libg.a(lib_a-makebuf.o)
 .ARM.attributes
                0x000000000000099e       0x34 /usr/bin/../lib/gcc/arm-none-eabi/4.9.3/../../../../arm-none-eabi/lib/armv7e-m/fpu/libg.a(lib_a-readr.o)
 .ARM.attributes
                0x00000000000009d2       0x34 /usr/bin/../lib/gcc/arm-none-eabi/4.9.3/../../../../arm-none-eabi/lib/armv7e-m/fpu/libg.a(lib_a-fstatr.o)
 .ARM.attributes
                0x0000000000000a06       0x34 /usr/bin/../lib/gcc/arm-none-eabi/4.9.3/../../../../arm-none-eabi/lib/armv7e-m/fpu/libg.a(lib_a-isattyr.o)
 .ARM.attributes
                0x0000000000000a3a       0x22 /usr/bin/../lib/gcc/arm-none-eabi/4.9.3/armv7e-m/fpu/crtn.o
OUTPUT(demo.elf elf32-littlearm)

.debug_line     0x0000000000000000     0x37ff
 .debug_line    0x0000000000000000       0x78 /tmp/ccWqKKRS.o
 .debug_line    0x0000000000000078      0x217 obj/main.o
 .debug_line    0x000000000000028f      0x2ec obj/syscalls.o
 .debug_line    0x000000000000057b      0x1eb obj/usart.o
 .debug_line    0x0000000000000766      0x24a obj/console.o
 .debug_line    0x00000000000009b0      0x21a obj/spi.o
 .debug_line    0x0000000000000bca      0x11b obj/error.o
 .debug_line    0x0000000000000ce5      0x177 obj/system_stm32f4xx.o
 .debug_line    0x0000000000000e5c      0x1c3 obj/stm32f4xx_it.o
 .debug_line    0x000000000000101f      0x4f6 obj/stm32f4xx_hal_rcc.o
 .debug_line    0x0000000000001515      0x345 obj/stm32f4xx_hal.o
 .debug_line    0x000000000000185a      0x371 obj/stm32f4xx_hal_cortex.o
 .debug_line    0x0000000000001bcb      0x34c obj/stm32f4xx_hal_gpio.o
 .debug_line    0x0000000000001f17      0xb25 obj/stm32f4xx_hal_spi.o
 .debug_line    0x0000000000002a3c      0x95f obj/stm32f4xx_hal_uart.o
 .debug_line    0x000000000000339b      0x464 obj/stm32f4_discovery.o

.debug_info     0x0000000000000000     0xb5d0
 .debug_info    0x0000000000000000       0x64 /tmp/ccWqKKRS.o
 .debug_info    0x0000000000000064      0x892 obj/main.o
 .debug_info    0x00000000000008f6      0xba7 obj/syscalls.o
 .debug_info    0x000000000000149d      0x96e obj/usart.o
 .debug_info    0x0000000000001e0b      0xdd8 obj/console.o
 .debug_info    0x0000000000002be3      0xbb0 obj/spi.o
 .debug_info    0x0000000000003793      0x186 obj/error.o
 .debug_info    0x0000000000003919      0x5b4 obj/system_stm32f4xx.o
 .debug_info    0x0000000000003ecd      0x198 obj/stm32f4xx_it.o
 .debug_info    0x0000000000004065      0xcc3 obj/stm32f4xx_hal_rcc.o
 .debug_info    0x0000000000004d28      0x912 obj/stm32f4xx_hal.o
 .debug_info    0x000000000000563a      0xe66 obj/stm32f4xx_hal_cortex.o
 .debug_info    0x00000000000064a0      0x70e obj/stm32f4xx_hal_gpio.o
 .debug_info    0x0000000000006bae     0x1b8d obj/stm32f4xx_hal_spi.o
 .debug_info    0x000000000000873b     0x139f obj/stm32f4xx_hal_uart.o
 .debug_info    0x0000000000009ada     0x1af6 obj/stm32f4_discovery.o

.debug_abbrev   0x0000000000000000     0x237e
 .debug_abbrev  0x0000000000000000       0x12 /tmp/ccWqKKRS.o
 .debug_abbrev  0x0000000000000012      0x24a obj/main.o
 .debug_abbrev  0x000000000000025c      0x28d obj/syscalls.o
 .debug_abbrev  0x00000000000004e9      0x1f0 obj/usart.o
 .debug_abbrev  0x00000000000006d9      0x2bb obj/console.o
 .debug_abbrev  0x0000000000000994      0x23c obj/spi.o
 .debug_abbrev  0x0000000000000bd0       0xf5 obj/error.o
 .debug_abbrev  0x0000000000000cc5      0x15f obj/system_stm32f4xx.o
 .debug_abbrev  0x0000000000000e24       0xd2 obj/stm32f4xx_it.o
 .debug_abbrev  0x0000000000000ef6      0x36d obj/stm32f4xx_hal_rcc.o
 .debug_abbrev  0x0000000000001263      0x258 obj/stm32f4xx_hal.o
 .debug_abbrev  0x00000000000014bb      0x30a obj/stm32f4xx_hal_cortex.o
 .debug_abbrev  0x00000000000017c5      0x1c8 obj/stm32f4xx_hal_gpio.o
 .debug_abbrev  0x000000000000198d      0x346 obj/stm32f4xx_hal_spi.o
 .debug_abbrev  0x0000000000001cd3      0x2f7 obj/stm32f4xx_hal_uart.o
 .debug_abbrev  0x0000000000001fca      0x3b4 obj/stm32f4_discovery.o

.debug_aranges  0x0000000000000000      0x848
 .debug_aranges
                0x0000000000000000       0x28 /tmp/ccWqKKRS.o
 .debug_aranges
                0x0000000000000028       0x30 obj/main.o
 .debug_aranges
                0x0000000000000058       0xb0 obj/syscalls.o
 .debug_aranges
                0x0000000000000108       0x30 obj/usart.o
 .debug_aranges
                0x0000000000000138       0x50 obj/console.o
 .debug_aranges
                0x0000000000000188       0x30 obj/spi.o
 .debug_aranges
                0x00000000000001b8       0x20 obj/error.o
 .debug_aranges
                0x00000000000001d8       0x28 obj/system_stm32f4xx.o
 .debug_aranges
                0x0000000000000200       0x68 obj/stm32f4xx_it.o
 .debug_aranges
                0x0000000000000268       0x88 obj/stm32f4xx_hal_rcc.o
 .debug_aranges
                0x00000000000002f0       0xc0 obj/stm32f4xx_hal.o
 .debug_aranges
                0x00000000000003b0       0x98 obj/stm32f4xx_hal_cortex.o
 .debug_aranges
                0x0000000000000448       0x58 obj/stm32f4xx_hal_gpio.o
 .debug_aranges
                0x00000000000004a0      0x1b0 obj/stm32f4xx_hal_spi.o
 .debug_aranges
                0x0000000000000650      0x150 obj/stm32f4xx_hal_uart.o
 .debug_aranges
                0x00000000000007a0       0xa8 obj/stm32f4_discovery.o

.debug_ranges   0x0000000000000000      0xab0
 .debug_ranges  0x0000000000000000       0x20 /tmp/ccWqKKRS.o
 .debug_ranges  0x0000000000000020       0x20 obj/main.o
 .debug_ranges  0x0000000000000040       0xa0 obj/syscalls.o
 .debug_ranges  0x00000000000000e0       0x50 obj/usart.o
 .debug_ranges  0x0000000000000130       0x58 obj/console.o
 .debug_ranges  0x0000000000000188       0x70 obj/spi.o
 .debug_ranges  0x00000000000001f8       0x10 obj/error.o
 .debug_ranges  0x0000000000000208       0x30 obj/system_stm32f4xx.o
 .debug_ranges  0x0000000000000238       0x58 obj/stm32f4xx_it.o
 .debug_ranges  0x0000000000000290      0x158 obj/stm32f4xx_hal_rcc.o
 .debug_ranges  0x00000000000003e8       0xb0 obj/stm32f4xx_hal.o
 .debug_ranges  0x0000000000000498      0x120 obj/stm32f4xx_hal_cortex.o
 .debug_ranges  0x00000000000005b8       0x48 obj/stm32f4xx_hal_gpio.o
 .debug_ranges  0x0000000000000600      0x1b8 obj/stm32f4xx_hal_spi.o
 .debug_ranges  0x00000000000007b8      0x158 obj/stm32f4xx_hal_uart.o
 .debug_ranges  0x0000000000000910      0x1a0 obj/stm32f4_discovery.o

.debug_loc      0x0000000000000000     0x430b
 .debug_loc     0x0000000000000000       0x86 obj/main.o
 .debug_loc     0x0000000000000086      0x27c obj/syscalls.o
 .debug_loc     0x0000000000000302       0x66 obj/usart.o
 .debug_loc     0x0000000000000368      0x49b obj/console.o
 .debug_loc     0x0000000000000803       0x4d obj/spi.o
 .debug_loc     0x0000000000000850       0xc8 obj/system_stm32f4xx.o
 .debug_loc     0x0000000000000918      0x555 obj/stm32f4xx_hal_rcc.o
 .debug_loc     0x0000000000000e6d       0x90 obj/stm32f4xx_hal.o
 .debug_loc     0x0000000000000efd      0x31e obj/stm32f4xx_hal_cortex.o
 .debug_loc     0x000000000000121b      0x3ec obj/stm32f4xx_hal_gpio.o
 .debug_loc     0x0000000000001607     0x188e obj/stm32f4xx_hal_spi.o
 .debug_loc     0x0000000000002e95     0x10e8 obj/stm32f4xx_hal_uart.o
 .debug_loc     0x0000000000003f7d      0x38e obj/stm32f4_discovery.o

.debug_str      0x0000000000000000     0x2dee
 .debug_str     0x0000000000000000      0x846 obj/main.o
                                        0x8c5 (size before relaxing)
 .debug_str     0x0000000000000846      0x5c9 obj/syscalls.o
                                        0x84a (size before relaxing)
 .debug_str     0x0000000000000e0f      0x1a5 obj/usart.o
                                        0x804 (size before relaxing)
 .debug_str     0x0000000000000fb4      0x40a obj/console.o
                                        0x61b (size before relaxing)
 .debug_str     0x00000000000013be      0x20c obj/spi.o
                                        0x896 (size before relaxing)
 .debug_str     0x00000000000015ca       0x34 obj/error.o
                                        0x218 (size before relaxing)
 .debug_str     0x00000000000015fe       0xa9 obj/system_stm32f4xx.o
                                        0x3f9 (size before relaxing)
 .debug_str     0x00000000000016a7       0xcf obj/stm32f4xx_it.o
                                        0x2a0 (size before relaxing)
 .debug_str     0x0000000000001776      0x2d8 obj/stm32f4xx_hal_rcc.o
                                        0x6f6 (size before relaxing)
 .debug_str     0x0000000000001a4e      0x21d obj/stm32f4xx_hal.o
                                        0xac9 (size before relaxing)
 .debug_str     0x0000000000001c6b      0x2ef obj/stm32f4xx_hal_cortex.o
                                        0xc13 (size before relaxing)
 .debug_str     0x0000000000001f5a      0x103 obj/stm32f4xx_hal_gpio.o
                                        0x51b (size before relaxing)
 .debug_str     0x000000000000205d      0x4bc obj/stm32f4xx_hal_spi.o
                                        0xb94 (size before relaxing)
 .debug_str     0x0000000000002519      0x3a8 obj/stm32f4xx_hal_uart.o
                                        0xaca (size before relaxing)
 .debug_str     0x00000000000028c1      0x52d obj/stm32f4_discovery.o
                                       0x1320 (size before relaxing)

.comment        0x0000000000000000       0x70
 .comment       0x0000000000000000       0x70 obj/main.o
                                         0x71 (size before relaxing)
 .comment       0x0000000000000000       0x71 obj/syscalls.o
 .comment       0x0000000000000000       0x71 obj/usart.o
 .comment       0x0000000000000000       0x71 obj/console.o
 .comment       0x0000000000000000       0x71 obj/spi.o
 .comment       0x0000000000000000       0x71 obj/error.o
 .comment       0x0000000000000000       0x71 obj/system_stm32f4xx.o
 .comment       0x0000000000000000       0x71 obj/stm32f4xx_it.o
 .comment       0x0000000000000000       0x71 obj/stm32f4xx_hal_rcc.o
 .comment       0x0000000000000000       0x71 obj/stm32f4xx_hal.o
 .comment       0x0000000000000000       0x71 obj/stm32f4xx_hal_cortex.o
 .comment       0x0000000000000000       0x71 obj/stm32f4xx_hal_gpio.o
 .comment       0x0000000000000000       0x71 obj/stm32f4xx_hal_spi.o
 .comment       0x0000000000000000       0x71 obj/stm32f4xx_hal_uart.o
 .comment       0x0000000000000000       0x71 obj/stm32f4_discovery.o

.debug_frame    0x0000000000000000     0x1c84
 .debug_frame   0x0000000000000000       0x48 obj/main.o
 .debug_frame   0x0000000000000048      0x158 obj/syscalls.o
 .debug_frame   0x00000000000001a0       0x6c obj/usart.o
 .debug_frame   0x000000000000020c      0x158 obj/console.o
 .debug_frame   0x0000000000000364       0x70 obj/spi.o
 .debug_frame   0x00000000000003d4       0x28 obj/error.o
 .debug_frame   0x00000000000003fc       0x3c obj/system_stm32f4xx.o
 .debug_frame   0x0000000000000438       0xb0 obj/stm32f4xx_it.o
 .debug_frame   0x00000000000004e8      0x13c obj/stm32f4xx_hal_rcc.o
 .debug_frame   0x0000000000000624      0x184 obj/stm32f4xx_hal.o
 .debug_frame   0x00000000000007a8      0x134 obj/stm32f4xx_hal_cortex.o
 .debug_frame   0x00000000000008dc       0xc4 obj/stm32f4xx_hal_gpio.o
 .debug_frame   0x00000000000009a0      0x4e8 obj/stm32f4xx_hal_spi.o
 .debug_frame   0x0000000000000e88      0x374 obj/stm32f4xx_hal_uart.o
 .debug_frame   0x00000000000011fc      0x208 obj/stm32f4_discovery.o
 .debug_frame   0x0000000000001404       0x2c /usr/bin/../lib/gcc/arm-none-eabi/4.9.3/../../../../arm-none-eabi/lib/armv7e-m/fpu/libg.a(lib_a-init.o)
 .debug_frame   0x0000000000001430       0x34 /usr/bin/../lib/gcc/arm-none-eabi/4.9.3/../../../../arm-none-eabi/lib/armv7e-m/fpu/libg.a(lib_a-memset.o)
 .debug_frame   0x0000000000001464       0x48 /usr/bin/../lib/gcc/arm-none-eabi/4.9.3/../../../../arm-none-eabi/lib/armv7e-m/fpu/libg.a(lib_a-puts.o)
 .debug_frame   0x00000000000014ac       0x58 /usr/bin/../lib/gcc/arm-none-eabi/4.9.3/../../../../arm-none-eabi/lib/armv7e-m/fpu/libg.a(lib_a-reent.o)
 .debug_frame   0x0000000000001504       0x20 /usr/bin/../lib/gcc/arm-none-eabi/4.9.3/../../../../arm-none-eabi/lib/armv7e-m/fpu/libg.a(lib_a-strlen.o)
 .debug_frame   0x0000000000001524       0x50 /usr/bin/../lib/gcc/arm-none-eabi/4.9.3/../../../../arm-none-eabi/lib/armv7e-m/fpu/libg.a(lib_a-__call_atexit.o)
 .debug_frame   0x0000000000001574       0x20 /usr/bin/../lib/gcc/arm-none-eabi/4.9.3/../../../../arm-none-eabi/lib/armv7e-m/fpu/libg.a(lib_a-atexit.o)
 .debug_frame   0x0000000000001594      0x124 /usr/bin/../lib/gcc/arm-none-eabi/4.9.3/../../../../arm-none-eabi/lib/armv7e-m/fpu/libg.a(lib_a-findfp.o)
 .debug_frame   0x00000000000016b8       0x34 /usr/bin/../lib/gcc/arm-none-eabi/4.9.3/../../../../arm-none-eabi/lib/armv7e-m/fpu/libg.a(lib_a-fini.o)
 .debug_frame   0x00000000000016ec       0x74 /usr/bin/../lib/gcc/arm-none-eabi/4.9.3/../../../../arm-none-eabi/lib/armv7e-m/fpu/libg.a(lib_a-freer.o)
 .debug_frame   0x0000000000001760       0x68 /usr/bin/../lib/gcc/arm-none-eabi/4.9.3/../../../../arm-none-eabi/lib/armv7e-m/fpu/libg.a(lib_a-fvwrite.o)
 .debug_frame   0x00000000000017c8       0x54 /usr/bin/../lib/gcc/arm-none-eabi/4.9.3/../../../../arm-none-eabi/lib/armv7e-m/fpu/libg.a(lib_a-fwalk.o)
 .debug_frame   0x000000000000181c       0x58 /usr/bin/../lib/gcc/arm-none-eabi/4.9.3/../../../../arm-none-eabi/lib/armv7e-m/fpu/libg.a(lib_a-mallocr.o)
 .debug_frame   0x0000000000001874       0x3c /usr/bin/../lib/gcc/arm-none-eabi/4.9.3/../../../../arm-none-eabi/lib/armv7e-m/fpu/libg.a(lib_a-memchr.o)
 .debug_frame   0x00000000000018b0       0x30 /usr/bin/../lib/gcc/arm-none-eabi/4.9.3/../../../../arm-none-eabi/lib/armv7e-m/fpu/libg.a(lib_a-memmove.o)
 .debug_frame   0x00000000000018e0       0x30 /usr/bin/../lib/gcc/arm-none-eabi/4.9.3/../../../../arm-none-eabi/lib/armv7e-m/fpu/libg.a(lib_a-mlock.o)
 .debug_frame   0x0000000000001910       0x60 /usr/bin/../lib/gcc/arm-none-eabi/4.9.3/../../../../arm-none-eabi/lib/armv7e-m/fpu/libg.a(lib_a-reallocr.o)
 .debug_frame   0x0000000000001970       0x2c /usr/bin/../lib/gcc/arm-none-eabi/4.9.3/../../../../arm-none-eabi/lib/armv7e-m/fpu/libg.a(lib_a-sbrkr.o)
 .debug_frame   0x000000000000199c       0x88 /usr/bin/../lib/gcc/arm-none-eabi/4.9.3/../../../../arm-none-eabi/lib/armv7e-m/fpu/libg.a(lib_a-stdio.o)
 .debug_frame   0x0000000000001a24       0x2c /usr/bin/../lib/gcc/arm-none-eabi/4.9.3/../../../../arm-none-eabi/lib/armv7e-m/fpu/libg.a(lib_a-writer.o)
 .debug_frame   0x0000000000001a50       0x2c /usr/bin/../lib/gcc/arm-none-eabi/4.9.3/../../../../arm-none-eabi/lib/armv7e-m/fpu/libg.a(lib_a-wsetup.o)
 .debug_frame   0x0000000000001a7c       0x34 /usr/bin/../lib/gcc/arm-none-eabi/4.9.3/../../../../arm-none-eabi/lib/armv7e-m/fpu/libg.a(lib_a-__atexit.o)
 .debug_frame   0x0000000000001ab0       0x2c /usr/bin/../lib/gcc/arm-none-eabi/4.9.3/../../../../arm-none-eabi/lib/armv7e-m/fpu/libg.a(lib_a-closer.o)
 .debug_frame   0x0000000000001adc       0x44 /usr/bin/../lib/gcc/arm-none-eabi/4.9.3/../../../../arm-none-eabi/lib/armv7e-m/fpu/libg.a(lib_a-fclose.o)
 .debug_frame   0x0000000000001b20       0x6c /usr/bin/../lib/gcc/arm-none-eabi/4.9.3/../../../../arm-none-eabi/lib/armv7e-m/fpu/libg.a(lib_a-fflush.o)
 .debug_frame   0x0000000000001b8c       0x2c /usr/bin/../lib/gcc/arm-none-eabi/4.9.3/../../../../arm-none-eabi/lib/armv7e-m/fpu/libg.a(lib_a-lseekr.o)
 .debug_frame   0x0000000000001bb8       0x48 /usr/bin/../lib/gcc/arm-none-eabi/4.9.3/../../../../arm-none-eabi/lib/armv7e-m/fpu/libg.a(lib_a-makebuf.o)
 .debug_frame   0x0000000000001c00       0x2c /usr/bin/../lib/gcc/arm-none-eabi/4.9.3/../../../../arm-none-eabi/lib/armv7e-m/fpu/libg.a(lib_a-readr.o)
 .debug_frame   0x0000000000001c2c       0x2c /usr/bin/../lib/gcc/arm-none-eabi/4.9.3/../../../../arm-none-eabi/lib/armv7e-m/fpu/libg.a(lib_a-fstatr.o)
 .debug_frame   0x0000000000001c58       0x2c /usr/bin/../lib/gcc/arm-none-eabi/4.9.3/../../../../arm-none-eabi/lib/armv7e-m/fpu/libg.a(lib_a-isattyr.o)
